GAS LISTING /tmp/ccurdlAX.s 			page 1


   1              		.file	"croutine.c"
   2              		.option nopic
   3              		.attribute arch, "rv64i2p1_m2p0_a2p1_f2p2_d2p2_zicsr2p0"
   4              		.attribute unaligned_access, 0
   5              		.attribute stack_align, 16
   6              		.text
   7              	.Ltext0:
   8              		.cfi_sections	.debug_frame
   9              		.file 1 "/home/zz/quard-start/Quard-Star/trusted_domain/FreeRTOS-Kernel/croutine.c"
  10              	.Letext0:
GAS LISTING /tmp/ccurdlAX.s 			page 2


DEFINED SYMBOLS
                            *ABS*:0000000000000000 croutine.c
     /tmp/ccurdlAX.s:69     .debug_abbrev:0000000000000000 .Ldebug_abbrev0
     /tmp/ccurdlAX.s:121    .debug_str:0000000000000000 .LASF10
     /tmp/ccurdlAX.s:143    .debug_str:000000000000016f .LASF11
     /tmp/ccurdlAX.s:141    .debug_str:0000000000000140 .LASF12
     /tmp/ccurdlAX.s:119    .debug_line:0000000000000000 .Ldebug_line0
     /tmp/ccurdlAX.s:137    .debug_str:000000000000012b .LASF0
     /tmp/ccurdlAX.s:125    .debug_str:00000000000000dd .LASF1
     /tmp/ccurdlAX.s:145    .debug_str:00000000000001b9 .LASF2
     /tmp/ccurdlAX.s:139    .debug_str:0000000000000134 .LASF3
     /tmp/ccurdlAX.s:127    .debug_str:00000000000000ef .LASF4
     /tmp/ccurdlAX.s:135    .debug_str:000000000000011d .LASF5
     /tmp/ccurdlAX.s:131    .debug_str:000000000000010e .LASF6
     /tmp/ccurdlAX.s:129    .debug_str:00000000000000fb .LASF7
     /tmp/ccurdlAX.s:123    .debug_str:00000000000000d0 .LASF8
     /tmp/ccurdlAX.s:133    .debug_str:0000000000000118 .LASF9
     /tmp/ccurdlAX.s:12     .debug_info:0000000000000000 .Ldebug_info0

NO UNDEFINED SYMBOLS
