
Discarded input sections

 .data          0x0000000000000000        0x0 /home/zz/quard-start/Quard-Star/output/lowlevelboot/start.o
 .bss           0x0000000000000000        0x0 /home/zz/quard-start/Quard-Star/output/lowlevelboot/start.o

Memory Configuration

Name             Origin             Length             Attributes
flash            0x0000000020000000 0x0000000000080000 axrl !w
*default*        0x0000000000000000 0xffffffffffffffff

Linker script and memory map

LOAD /home/zz/quard-start/Quard-Star/output/lowlevelboot/start.o

.text           0x0000000020000000       0x3c
 *(.text)
 .text          0x0000000020000000       0x3c /home/zz/quard-start/Quard-Star/output/lowlevelboot/start.o
                0x0000000020000000                _start
OUTPUT(/home/zz/quard-start/Quard-Star/output/lowlevelboot/lowlevel_fw.elf elf64-littleriscv)

.riscv.attributes
                0x0000000000000000       0x37
 .riscv.attributes
                0x0000000000000000       0x37 /home/zz/quard-start/Quard-Star/output/lowlevelboot/start.o
