
/home/zz/quard-start/Quard-Star/output/lowlevelboot/lowlevel_fw.elf:     file format elf64-littleriscv


Disassembly of section .text:

0000000020000000 <_start>:
    20000000:	f1402573          	csrr	a0,mhartid
    20000004:	4281                	li	t0,0
    20000006:	00a28363          	beq	t0,a0,2000000c <_core_0>

000000002000000a <_loop>:
    2000000a:	a001                	j	2000000a <_loop>

000000002000000c <_core_0>:
    2000000c:	10000293          	li	t0,256
    20000010:	02d2                	slli	t0,t0,0x14
    20000012:	04800313          	li	t1,72
    20000016:	00628023          	sb	t1,0(t0)
    2000001a:	04500313          	li	t1,69
    2000001e:	00628023          	sb	t1,0(t0)
    20000022:	04c00313          	li	t1,76
    20000026:	00628023          	sb	t1,0(t0)
    2000002a:	04c00313          	li	t1,76
    2000002e:	00628023          	sb	t1,0(t0)
    20000032:	04f00313          	li	t1,79
    20000036:	00628023          	sb	t1,0(t0)
    2000003a:	bfc1                	j	2000000a <_loop>
