
内存配置

名称           来源             长度             属性
ram              0x0000000080200000 0x0000000008000000 axrl!w
*default*        0x0000000000000000 0xffffffffffffffff

链结器命令稿和内存映射

LOAD /home/zz/quard-start/Quard-Star/os/src/entry.o
LOAD /home/zz/quard-start/Quard-Star/os/src/kernaltrap.o
LOAD /home/zz/quard-start/Quard-Star/os/src/link_app.o
LOAD /home/zz/quard-start/Quard-Star/os/src/switch.o
LOAD /home/zz/quard-start/Quard-Star/os/src/main.o
LOAD /home/zz/quard-start/Quard-Star/os/src/memory.o
LOAD /home/zz/quard-start/Quard-Star/os/src/task.o
LOAD /home/zz/quard-start/Quard-Star/os/src/timer.o
LOAD /home/zz/quard-start/Quard-Star/os/src/trap.o
LOAD /home/zz/quard-start/Quard-Star/os/lib/arrsert.o
LOAD /home/zz/quard-start/Quard-Star/os/lib/getchar.o
LOAD /home/zz/quard-start/Quard-Star/os/lib/load.o
LOAD /home/zz/quard-start/Quard-Star/os/lib/printf.o
LOAD /home/zz/quard-start/Quard-Star/os/lib/printk.o
LOAD /home/zz/quard-start/Quard-Star/os/lib/sbi.o
LOAD /home/zz/quard-start/Quard-Star/os/lib/stack.o
LOAD /home/zz/quard-start/Quard-Star/os/lib/string.o
LOAD /home/zz/quard-start/Quard-Star/os/lib/syscall.o
                0x0000000000000000                skernal = .

.text           0x0000000080200000     0x5000
 *(.text.ENTRY)
 .text.ENTRY    0x0000000080200000        0xe /home/zz/quard-start/Quard-Star/os/src/entry.o
                0x0000000080200000                _start
                0x0000000080201000                . = ALIGN (0x1000)
 *fill*         0x000000008020000e      0xff2 
                0x0000000080201000                trampoline = .
 *(.text.trampoline)
 .text.trampoline
                0x0000000080201000       0xda /home/zz/quard-start/Quard-Star/os/src/kernaltrap.o
                0x0000000080201000                _alltrap
                0x0000000080201070                _restore
                0x0000000080202000                . = ALIGN (0x1000)
 *fill*         0x00000000802010da      0xf26 
                0x0000000080202000                strampoline = .
 *(.text .text.*)
 .text          0x0000000080202000        0x0 /home/zz/quard-start/Quard-Star/os/src/entry.o
 .text          0x0000000080202000        0x0 /home/zz/quard-start/Quard-Star/os/src/kernaltrap.o
 .text          0x0000000080202000        0x2 /home/zz/quard-start/Quard-Star/os/src/link_app.o
 .text          0x0000000080202002       0x6a /home/zz/quard-start/Quard-Star/os/src/switch.o
                0x0000000080202002                __switch
 .text          0x000000008020206c       0x5e /home/zz/quard-start/Quard-Star/os/src/main.o
                0x000000008020206c                os_main
 .text          0x00000000802020ca      0xa30 /home/zz/quard-start/Quard-Star/os/src/memory.o
                0x0000000080202110                PhysAddr_form_u64
                0x0000000080202134                VirtAddr_from_u64
                0x0000000080202158                PhysPageNum_from_u64
                0x000000008020217c                VirtPageNum_from_u64
                0x00000000802021a2                u64_from_PhysAddr
                0x00000000802021b8                u64_from_VirtAddr
                0x00000000802021ce                u64_from_PhysPageNum
                0x00000000802021e4                u64_from_VirtPageNum
                0x00000000802021fa                PhysPageNum_form_PhysAddr
                0x000000008020221a                VirtPageNum_from_VirtAddr
                0x000000008020223a                PhysAddr_from_PhysPageNum
                0x000000008020225a                VirtAddr_from_VirtPageNum
                0x000000008020227a                PageTableEntry_clean
                0x0000000080202290                PhysPageNum_from_PageTableEntry
                0x00000000802022b8                PageTableEntryPtr_from_PhysPageNum
                0x00000000802022e0                PageTableEntry_from_PhysPageNum
                0x0000000080202300                PageTableEntry_is_empty
                0x000000008020232e                PageTableEntry_new
                0x000000008020236a                PTindex_form_VirtPageNum
                0x00000000802023c6                Find_Pte_Creat
                0x000000008020248c                Find_Pte
                0x0000000080202532                PageTable_map
                0x00000000802025b4                PageTable_unmap
                0x000000008020261a                memory_map
                0x00000000802026aa                memory_unmap
                0x000000008020270e                kvmmake
                0x000000008020282e                StrackFrameAllocator_alloc
                0x00000000802028b8                StrackFrameAllocator_free
                0x000000008020295e                StrackFrameAllocator_Init
                0x000000008020299c                FrameAllocator_init
                0x0000000080202a32                kalloc
                0x0000000080202a5a                kvminit
                0x0000000080202a7c                kvminithart
 .text          0x0000000080202afa      0x72e /home/zz/quard-start/Quard-Star/os/src/task.o
                0x0000000080202b14                app_init
                0x0000000080202bfe                tcx_init
                0x0000000080202c76                schedule
                0x0000000080202e52                run_first_task
                0x0000000080202ee2                proc_mapstacks
                0x0000000080202f86                proc_trap
                0x0000000080203058                proc_pagetable
                0x00000000802030b6                task_creat_pt
                0x0000000080203186                task_get_current
                0x00000000802031b6                current_user_token
                0x00000000802031f2                current_user_pagetable
 .text          0x0000000080203228      0x1b0 /home/zz/quard-start/Quard-Star/os/src/timer.o
                0x00000000802032aa                time_irq_enable
                0x00000000802032d8                time_irq_disable
                0x0000000080203306                timer_init
                0x0000000080203388                set_next_trigger
 .text          0x00000000802033d8      0x36a /home/zz/quard-start/Quard-Star/os/src/trap.o
                0x000000008020340c                physaddr_from_uservritaddr
                0x0000000080203488                __sys_write
                0x00000000802034d6                __sys_read
                0x0000000080203544                __sys_yield
                0x000000008020355a                __SYSCALL
                0x00000000802035e8                set_user_entry
                0x0000000080203608                trap_return
                0x0000000080203672                trap_hanlder
                0x0000000080203722                trap_init
 .text          0x0000000080203742       0x90 /home/zz/quard-start/Quard-Star/os/lib/arrsert.o
                0x0000000080203760                assert_failure
 .text          0x00000000802037d2       0x24 /home/zz/quard-start/Quard-Star/os/lib/getchar.o
                0x00000000802037d2                getchar
 .text          0x00000000802037f6      0x36c /home/zz/quard-start/Quard-Star/os/lib/load.o
                0x00000000802037f6                flag_to_mapflag
                0x000000008020387c                get_app_num
                0x0000000080203896                get_app_data
                0x000000008020391a                load_app
 .text          0x0000000080203b62      0x52a /home/zz/quard-start/Quard-Star/os/lib/printf.o
                0x0000000080204038                printf
 .text          0x000000008020408c      0x536 /home/zz/quard-start/Quard-Star/os/lib/printk.o
                0x000000008020456e                printk
 .text          0x00000000802045c2      0x134 /home/zz/quard-start/Quard-Star/os/lib/sbi.o
                0x00000000802045c2                sbi_call
                0x000000008020464c                sbi_print_char
                0x000000008020468c                sbi_read_char
                0x00000000802046c4                sbi_set_time
 .text          0x00000000802046f6      0x180 /home/zz/quard-start/Quard-Star/os/lib/stack.o
                0x00000000802046f6                Stack_init
                0x0000000080204716                is_empty
                0x000000008020473e                is_full
                0x000000008020476c                push
                0x00000000802047d0                pop
                0x0000000080204832                top
 .text          0x0000000080204876       0xd6 /home/zz/quard-start/Quard-Star/os/lib/string.o
                0x0000000080204876                strlen
                0x00000000802048ac                memcpy
                0x0000000080204902                memset
 .text          0x000000008020494c       0xd2 /home/zz/quard-start/Quard-Star/os/lib/syscall.o
                0x000000008020494c                syscall
                0x0000000080204990                sys_write
                0x00000000802049c6                sys_read
                0x00000000802049fc                sys_yield
                0x0000000080205000                . = ALIGN (0x1000)
 *fill*         0x0000000080204a1e      0x5e2 
                0x0000000080205000                PROVIDE (text_end = .)

.rodata         0x0000000080205000      0x497
 *(.rodata .rodata.*)
 .rodata        0x0000000080205000       0x1e /home/zz/quard-start/Quard-Star/os/src/main.o
 *fill*         0x000000008020501e        0x2 
 .rodata        0x0000000080205020      0x174 /home/zz/quard-start/Quard-Star/os/src/memory.o
 *fill*         0x0000000080205194        0x4 
 .rodata        0x0000000080205198       0xb6 /home/zz/quard-start/Quard-Star/os/src/task.o
 *fill*         0x000000008020524e        0x2 
 .rodata        0x0000000080205250       0x8b /home/zz/quard-start/Quard-Star/os/src/trap.o
 *fill*         0x00000000802052db        0x5 
 .rodata        0x00000000802052e0       0x74 /home/zz/quard-start/Quard-Star/os/lib/arrsert.o
 *fill*         0x0000000080205354        0x4 
 .rodata        0x0000000080205358       0x5f /home/zz/quard-start/Quard-Star/os/lib/load.o
 *fill*         0x00000000802053b7        0x1 
 .rodata        0x00000000802053b8       0x6f /home/zz/quard-start/Quard-Star/os/lib/printf.o
 *fill*         0x0000000080205427        0x1 
 .rodata        0x0000000080205428       0x6f /home/zz/quard-start/Quard-Star/os/lib/printk.o

.rela.dyn       0x0000000080205498        0x0
 .rela.text     0x0000000080205498        0x0 /home/zz/quard-start/Quard-Star/os/src/entry.o

.data           0x0000000080205498     0x5a00
                0x0000000080206000                . = ALIGN (0x1000)
 *fill*         0x0000000080205498      0xb68 
 *(.sdata .sdata.*)
 *(.data .data.*)
 .data          0x0000000080206000        0x0 /home/zz/quard-start/Quard-Star/os/src/entry.o
 .data          0x0000000080206000        0x0 /home/zz/quard-start/Quard-Star/os/src/kernaltrap.o
 .data          0x0000000080206000     0x4e98 /home/zz/quard-start/Quard-Star/os/src/link_app.o
                0x0000000080206000                _num_app
                0x0000000080206020                app_0_start
                0x0000000080208758                app_0_end
                0x0000000080208758                app_1_start
                0x000000008020ae98                app_1_end
 .data          0x000000008020ae98        0x0 /home/zz/quard-start/Quard-Star/os/src/switch.o
 .data          0x000000008020ae98        0x0 /home/zz/quard-start/Quard-Star/os/src/main.o
 .data          0x000000008020ae98        0x0 /home/zz/quard-start/Quard-Star/os/src/memory.o
 .data          0x000000008020ae98        0x0 /home/zz/quard-start/Quard-Star/os/src/task.o
 .data          0x000000008020ae98        0x0 /home/zz/quard-start/Quard-Star/os/src/timer.o
 .data          0x000000008020ae98        0x0 /home/zz/quard-start/Quard-Star/os/src/trap.o
 .data          0x000000008020ae98        0x0 /home/zz/quard-start/Quard-Star/os/lib/arrsert.o
 .data          0x000000008020ae98        0x0 /home/zz/quard-start/Quard-Star/os/lib/getchar.o
 .data          0x000000008020ae98        0x0 /home/zz/quard-start/Quard-Star/os/lib/load.o
 .data          0x000000008020ae98        0x0 /home/zz/quard-start/Quard-Star/os/lib/printf.o
 .data          0x000000008020ae98        0x0 /home/zz/quard-start/Quard-Star/os/lib/printk.o
 .data          0x000000008020ae98        0x0 /home/zz/quard-start/Quard-Star/os/lib/sbi.o
 .data          0x000000008020ae98        0x0 /home/zz/quard-start/Quard-Star/os/lib/stack.o
 .data          0x000000008020ae98        0x0 /home/zz/quard-start/Quard-Star/os/lib/string.o
 .data          0x000000008020ae98        0x0 /home/zz/quard-start/Quard-Star/os/lib/syscall.o
                [!provide]                        PROVIDE (_data_end = .)

.bss            0x000000008020ae98    0x12db0
 *(.sbss .sbss.*)
 .sbss          0x000000008020ae98        0x8 /home/zz/quard-start/Quard-Star/os/src/memory.o
                0x000000008020ae98                KernalPAgeTable
 *(.bss .bss.*)
 .bss           0x000000008020aea0        0x0 /home/zz/quard-start/Quard-Star/os/src/entry.o
 .bss.stack     0x000000008020aea0    0x10000 /home/zz/quard-start/Quard-Star/os/src/entry.o
                0x000000008020aea0                boot_stack_low_bound
                0x000000008021aea0                boot_stack_top
 .bss           0x000000008021aea0        0x0 /home/zz/quard-start/Quard-Star/os/src/kernaltrap.o
 .bss           0x000000008021aea0        0x0 /home/zz/quard-start/Quard-Star/os/src/link_app.o
 .bss           0x000000008021aea0        0x0 /home/zz/quard-start/Quard-Star/os/src/switch.o
 .bss           0x000000008021aea0        0x0 /home/zz/quard-start/Quard-Star/os/src/main.o
 .bss           0x000000008021aea0     0x1f58 /home/zz/quard-start/Quard-Star/os/src/memory.o
                0x000000008021aea0                FrameAllocatorImpl
 .bss           0x000000008021cdf8      0x648 /home/zz/quard-start/Quard-Star/os/src/task.o
                0x000000008021cdf8                tasks
 .bss           0x000000008021d440        0x8 /home/zz/quard-start/Quard-Star/os/src/timer.o
 .bss           0x000000008021d448        0x0 /home/zz/quard-start/Quard-Star/os/src/trap.o
 .bss           0x000000008021d448        0x0 /home/zz/quard-start/Quard-Star/os/lib/arrsert.o
 .bss           0x000000008021d448        0x0 /home/zz/quard-start/Quard-Star/os/lib/getchar.o
 .bss           0x000000008021d448        0x0 /home/zz/quard-start/Quard-Star/os/lib/load.o
 .bss           0x000000008021d448      0x400 /home/zz/quard-start/Quard-Star/os/lib/printf.o
 .bss           0x000000008021d848      0x400 /home/zz/quard-start/Quard-Star/os/lib/printk.o
 .bss           0x000000008021dc48        0x0 /home/zz/quard-start/Quard-Star/os/lib/sbi.o
 .bss           0x000000008021dc48        0x0 /home/zz/quard-start/Quard-Star/os/lib/stack.o
 .bss           0x000000008021dc48        0x0 /home/zz/quard-start/Quard-Star/os/lib/string.o
 .bss           0x000000008021dc48        0x0 /home/zz/quard-start/Quard-Star/os/lib/syscall.o
 *(COMMON)
                0x000000008021e000                . = ALIGN (0x1000)
                0x000000008021e000                PROVIDE (kernal_end = .)
OUTPUT(/home/zz/quard-start/Quard-Star/os/os.elf elf64-littleriscv)

.riscv.attributes
                0x0000000000000000       0x57
 .riscv.attributes
                0x0000000000000000       0x51 /home/zz/quard-start/Quard-Star/os/src/entry.o
 .riscv.attributes
                0x0000000000000051       0x55 /home/zz/quard-start/Quard-Star/os/src/kernaltrap.o
 .riscv.attributes
                0x00000000000000a6       0x51 /home/zz/quard-start/Quard-Star/os/src/link_app.o
 .riscv.attributes
                0x00000000000000f7       0x51 /home/zz/quard-start/Quard-Star/os/src/switch.o
 .riscv.attributes
                0x0000000000000148       0x53 /home/zz/quard-start/Quard-Star/os/src/main.o
 .riscv.attributes
                0x000000000000019b       0x57 /home/zz/quard-start/Quard-Star/os/src/memory.o
 .riscv.attributes
                0x00000000000001f2       0x57 /home/zz/quard-start/Quard-Star/os/src/task.o
 .riscv.attributes
                0x0000000000000249       0x57 /home/zz/quard-start/Quard-Star/os/src/timer.o
 .riscv.attributes
                0x00000000000002a0       0x57 /home/zz/quard-start/Quard-Star/os/src/trap.o
 .riscv.attributes
                0x00000000000002f7       0x53 /home/zz/quard-start/Quard-Star/os/lib/arrsert.o
 .riscv.attributes
                0x000000000000034a       0x53 /home/zz/quard-start/Quard-Star/os/lib/getchar.o
 .riscv.attributes
                0x000000000000039d       0x53 /home/zz/quard-start/Quard-Star/os/lib/load.o
 .riscv.attributes
                0x00000000000003f0       0x53 /home/zz/quard-start/Quard-Star/os/lib/printf.o
 .riscv.attributes
                0x0000000000000443       0x53 /home/zz/quard-start/Quard-Star/os/lib/printk.o
 .riscv.attributes
                0x0000000000000496       0x53 /home/zz/quard-start/Quard-Star/os/lib/sbi.o
 .riscv.attributes
                0x00000000000004e9       0x53 /home/zz/quard-start/Quard-Star/os/lib/stack.o
 .riscv.attributes
                0x000000000000053c       0x53 /home/zz/quard-start/Quard-Star/os/lib/string.o
 .riscv.attributes
                0x000000000000058f       0x53 /home/zz/quard-start/Quard-Star/os/lib/syscall.o

.comment        0x0000000000000000        0xf
 .comment       0x0000000000000000        0xf /home/zz/quard-start/Quard-Star/os/src/main.o
                                         0x10 (松开之前的大小)
 .comment       0x000000000000000f       0x10 /home/zz/quard-start/Quard-Star/os/src/memory.o
 .comment       0x000000000000000f       0x10 /home/zz/quard-start/Quard-Star/os/src/task.o
 .comment       0x000000000000000f       0x10 /home/zz/quard-start/Quard-Star/os/src/timer.o
 .comment       0x000000000000000f       0x10 /home/zz/quard-start/Quard-Star/os/src/trap.o
 .comment       0x000000000000000f       0x10 /home/zz/quard-start/Quard-Star/os/lib/arrsert.o
 .comment       0x000000000000000f       0x10 /home/zz/quard-start/Quard-Star/os/lib/getchar.o
 .comment       0x000000000000000f       0x10 /home/zz/quard-start/Quard-Star/os/lib/load.o
 .comment       0x000000000000000f       0x10 /home/zz/quard-start/Quard-Star/os/lib/printf.o
 .comment       0x000000000000000f       0x10 /home/zz/quard-start/Quard-Star/os/lib/printk.o
 .comment       0x000000000000000f       0x10 /home/zz/quard-start/Quard-Star/os/lib/sbi.o
 .comment       0x000000000000000f       0x10 /home/zz/quard-start/Quard-Star/os/lib/stack.o
 .comment       0x000000000000000f       0x10 /home/zz/quard-start/Quard-Star/os/lib/string.o
 .comment       0x000000000000000f       0x10 /home/zz/quard-start/Quard-Star/os/lib/syscall.o

.debug_line     0x0000000000000000     0x2b04
 .debug_line    0x0000000000000000       0x58 /home/zz/quard-start/Quard-Star/os/src/entry.o
 .debug_line    0x0000000000000058      0x238 /home/zz/quard-start/Quard-Star/os/src/kernaltrap.o
 .debug_line    0x0000000000000290       0x72 /home/zz/quard-start/Quard-Star/os/src/switch.o
 .debug_line    0x0000000000000302       0xc5 /home/zz/quard-start/Quard-Star/os/src/main.o
 .debug_line    0x00000000000003c7      0x932 /home/zz/quard-start/Quard-Star/os/src/memory.o
 .debug_line    0x0000000000000cf9      0x4e5 /home/zz/quard-start/Quard-Star/os/src/task.o
 .debug_line    0x00000000000011de      0x1c4 /home/zz/quard-start/Quard-Star/os/src/timer.o
 .debug_line    0x00000000000013a2      0x329 /home/zz/quard-start/Quard-Star/os/src/trap.o
 .debug_line    0x00000000000016cb       0x9b /home/zz/quard-start/Quard-Star/os/lib/arrsert.o
 .debug_line    0x0000000000001766       0x6f /home/zz/quard-start/Quard-Star/os/lib/getchar.o
 .debug_line    0x00000000000017d5      0x35b /home/zz/quard-start/Quard-Star/os/lib/load.o
 .debug_line    0x0000000000001b30      0x5a7 /home/zz/quard-start/Quard-Star/os/lib/printf.o
 .debug_line    0x00000000000020d7      0x5b7 /home/zz/quard-start/Quard-Star/os/lib/printk.o
 .debug_line    0x000000000000268e      0x119 /home/zz/quard-start/Quard-Star/os/lib/sbi.o
 .debug_line    0x00000000000027a7      0x17c /home/zz/quard-start/Quard-Star/os/lib/stack.o
 .debug_line    0x0000000000002923      0x121 /home/zz/quard-start/Quard-Star/os/lib/string.o
 .debug_line    0x0000000000002a44       0xc0 /home/zz/quard-start/Quard-Star/os/lib/syscall.o

.debug_line_str
                0x0000000000000000      0x4a3
 .debug_line_str
                0x0000000000000000       0x52 /home/zz/quard-start/Quard-Star/os/src/entry.o
 .debug_line_str
                0x0000000000000052        0xd /home/zz/quard-start/Quard-Star/os/src/kernaltrap.o
                                         0x57 (松开之前的大小)
 .debug_line_str
                0x000000000000005f        0x9 /home/zz/quard-start/Quard-Star/os/src/switch.o
                                         0x53 (松开之前的大小)
 .debug_line_str
                0x0000000000000068       0xa8 /home/zz/quard-start/Quard-Star/os/src/main.o
                                        0x12b (松开之前的大小)
 .debug_line_str
                0x0000000000000110       0x92 /home/zz/quard-start/Quard-Star/os/src/memory.o
                                        0x15a (松开之前的大小)
 .debug_line_str
                0x00000000000001a2       0x38 /home/zz/quard-start/Quard-Star/os/src/task.o
                                        0x154 (松开之前的大小)
 .debug_line_str
                0x00000000000001da       0x35 /home/zz/quard-start/Quard-Star/os/src/timer.o
                                         0xf5 (松开之前的大小)
 .debug_line_str
                0x000000000000020f       0x2e /home/zz/quard-start/Quard-Star/os/src/trap.o
                                        0x154 (松开之前的大小)
 .debug_line_str
                0x000000000000023d       0x58 /home/zz/quard-start/Quard-Star/os/lib/arrsert.o
                                         0xea (松开之前的大小)
 .debug_line_str
                0x0000000000000295       0x31 /home/zz/quard-start/Quard-Star/os/lib/getchar.o
                                         0xfb (松开之前的大小)
 .debug_line_str
                0x00000000000002c6       0x2e /home/zz/quard-start/Quard-Star/os/lib/load.o
                                        0x17e (松开之前的大小)
 .debug_line_str
                0x00000000000002f4       0x39 /home/zz/quard-start/Quard-Star/os/lib/printf.o
                                        0x139 (松开之前的大小)
 .debug_line_str
                0x000000000000032d       0x30 /home/zz/quard-start/Quard-Star/os/lib/printk.o
                                        0x139 (松开之前的大小)
 .debug_line_str
                0x000000000000035d       0xb6 /home/zz/quard-start/Quard-Star/os/lib/sbi.o
                                        0x168 (松开之前的大小)
 .debug_line_str
                0x0000000000000413       0x2f /home/zz/quard-start/Quard-Star/os/lib/stack.o
                                         0xef (松开之前的大小)
 .debug_line_str
                0x0000000000000442       0x30 /home/zz/quard-start/Quard-Star/os/lib/string.o
                                         0xf8 (松开之前的大小)
 .debug_line_str
                0x0000000000000472       0x31 /home/zz/quard-start/Quard-Star/os/lib/syscall.o
                                        0x136 (松开之前的大小)

.debug_info     0x0000000000000000     0x3b3a
 .debug_info    0x0000000000000000       0x28 /home/zz/quard-start/Quard-Star/os/src/entry.o
 .debug_info    0x0000000000000028       0x29 /home/zz/quard-start/Quard-Star/os/src/kernaltrap.o
 .debug_info    0x0000000000000051       0x28 /home/zz/quard-start/Quard-Star/os/src/switch.o
 .debug_info    0x0000000000000079      0x157 /home/zz/quard-start/Quard-Star/os/src/main.o
 .debug_info    0x00000000000001d0      0xd05 /home/zz/quard-start/Quard-Star/os/src/memory.o
 .debug_info    0x0000000000000ed5      0x8d4 /home/zz/quard-start/Quard-Star/os/src/task.o
 .debug_info    0x00000000000017a9      0x24d /home/zz/quard-start/Quard-Star/os/src/timer.o
 .debug_info    0x00000000000019f6      0x862 /home/zz/quard-start/Quard-Star/os/src/trap.o
 .debug_info    0x0000000000002258      0x11c /home/zz/quard-start/Quard-Star/os/lib/arrsert.o
 .debug_info    0x0000000000002374       0xea /home/zz/quard-start/Quard-Star/os/lib/getchar.o
 .debug_info    0x000000000000245e      0x840 /home/zz/quard-start/Quard-Star/os/lib/load.o
 .debug_info    0x0000000000002c9e      0x390 /home/zz/quard-start/Quard-Star/os/lib/printf.o
 .debug_info    0x000000000000302e      0x36e /home/zz/quard-start/Quard-Star/os/lib/printk.o
 .debug_info    0x000000000000339c      0x256 /home/zz/quard-start/Quard-Star/os/lib/sbi.o
 .debug_info    0x00000000000035f2      0x20f /home/zz/quard-start/Quard-Star/os/lib/stack.o
 .debug_info    0x0000000000003801      0x17e /home/zz/quard-start/Quard-Star/os/lib/string.o
 .debug_info    0x000000000000397f      0x1bb /home/zz/quard-start/Quard-Star/os/lib/syscall.o

.debug_abbrev   0x0000000000000000     0x13df
 .debug_abbrev  0x0000000000000000       0x14 /home/zz/quard-start/Quard-Star/os/src/entry.o
 .debug_abbrev  0x0000000000000014       0x14 /home/zz/quard-start/Quard-Star/os/src/kernaltrap.o
 .debug_abbrev  0x0000000000000028       0x14 /home/zz/quard-start/Quard-Star/os/src/switch.o
 .debug_abbrev  0x000000000000003c       0xc2 /home/zz/quard-start/Quard-Star/os/src/main.o
 .debug_abbrev  0x00000000000000fe      0x326 /home/zz/quard-start/Quard-Star/os/src/memory.o
 .debug_abbrev  0x0000000000000424      0x26b /home/zz/quard-start/Quard-Star/os/src/task.o
 .debug_abbrev  0x000000000000068f      0x120 /home/zz/quard-start/Quard-Star/os/src/timer.o
 .debug_abbrev  0x00000000000007af      0x23c /home/zz/quard-start/Quard-Star/os/src/trap.o
 .debug_abbrev  0x00000000000009eb       0xb3 /home/zz/quard-start/Quard-Star/os/lib/arrsert.o
 .debug_abbrev  0x0000000000000a9e       0xa3 /home/zz/quard-start/Quard-Star/os/lib/getchar.o
 .debug_abbrev  0x0000000000000b41      0x20c /home/zz/quard-start/Quard-Star/os/lib/load.o
 .debug_abbrev  0x0000000000000d4d      0x151 /home/zz/quard-start/Quard-Star/os/lib/printf.o
 .debug_abbrev  0x0000000000000e9e      0x14e /home/zz/quard-start/Quard-Star/os/lib/printk.o
 .debug_abbrev  0x0000000000000fec      0x128 /home/zz/quard-start/Quard-Star/os/lib/sbi.o
 .debug_abbrev  0x0000000000001114      0x138 /home/zz/quard-start/Quard-Star/os/lib/stack.o
 .debug_abbrev  0x000000000000124c       0xc0 /home/zz/quard-start/Quard-Star/os/lib/string.o
 .debug_abbrev  0x000000000000130c       0xd3 /home/zz/quard-start/Quard-Star/os/lib/syscall.o

.debug_aranges  0x0000000000000000      0x330
 .debug_aranges
                0x0000000000000000       0x30 /home/zz/quard-start/Quard-Star/os/src/entry.o
 .debug_aranges
                0x0000000000000030       0x30 /home/zz/quard-start/Quard-Star/os/src/kernaltrap.o
 .debug_aranges
                0x0000000000000060       0x30 /home/zz/quard-start/Quard-Star/os/src/switch.o
 .debug_aranges
                0x0000000000000090       0x30 /home/zz/quard-start/Quard-Star/os/src/main.o
 .debug_aranges
                0x00000000000000c0       0x30 /home/zz/quard-start/Quard-Star/os/src/memory.o
 .debug_aranges
                0x00000000000000f0       0x30 /home/zz/quard-start/Quard-Star/os/src/task.o
 .debug_aranges
                0x0000000000000120       0x30 /home/zz/quard-start/Quard-Star/os/src/timer.o
 .debug_aranges
                0x0000000000000150       0x30 /home/zz/quard-start/Quard-Star/os/src/trap.o
 .debug_aranges
                0x0000000000000180       0x30 /home/zz/quard-start/Quard-Star/os/lib/arrsert.o
 .debug_aranges
                0x00000000000001b0       0x30 /home/zz/quard-start/Quard-Star/os/lib/getchar.o
 .debug_aranges
                0x00000000000001e0       0x30 /home/zz/quard-start/Quard-Star/os/lib/load.o
 .debug_aranges
                0x0000000000000210       0x30 /home/zz/quard-start/Quard-Star/os/lib/printf.o
 .debug_aranges
                0x0000000000000240       0x30 /home/zz/quard-start/Quard-Star/os/lib/printk.o
 .debug_aranges
                0x0000000000000270       0x30 /home/zz/quard-start/Quard-Star/os/lib/sbi.o
 .debug_aranges
                0x00000000000002a0       0x30 /home/zz/quard-start/Quard-Star/os/lib/stack.o
 .debug_aranges
                0x00000000000002d0       0x30 /home/zz/quard-start/Quard-Star/os/lib/string.o
 .debug_aranges
                0x0000000000000300       0x30 /home/zz/quard-start/Quard-Star/os/lib/syscall.o

.debug_str      0x0000000000000000      0xbb6
 .debug_str     0x0000000000000000       0x60 /home/zz/quard-start/Quard-Star/os/src/entry.o
 .debug_str     0x0000000000000060       0x34 /home/zz/quard-start/Quard-Star/os/src/kernaltrap.o
                                         0x65 (松开之前的大小)
 .debug_str     0x0000000000000094       0x30 /home/zz/quard-start/Quard-Star/os/src/switch.o
                                         0x61 (松开之前的大小)
 .debug_str     0x00000000000000c4      0x151 /home/zz/quard-start/Quard-Star/os/src/main.o
                                        0x185 (松开之前的大小)
 .debug_str     0x0000000000000215      0x3d5 /home/zz/quard-start/Quard-Star/os/src/memory.o
                                        0x571 (松开之前的大小)
 .debug_str     0x00000000000005ea      0x1c0 /home/zz/quard-start/Quard-Star/os/src/task.o
                                        0x41b (松开之前的大小)
 .debug_str     0x00000000000007aa       0x6e /home/zz/quard-start/Quard-Star/os/src/timer.o
                                        0x197 (松开之前的大小)
 .debug_str     0x0000000000000818       0xc9 /home/zz/quard-start/Quard-Star/os/src/trap.o
                                        0x3d9 (松开之前的大小)
 .debug_str     0x00000000000008e1       0x14 /home/zz/quard-start/Quard-Star/os/lib/arrsert.o
                                        0x12c (松开之前的大小)
 .debug_str     0x00000000000008f5        0x8 /home/zz/quard-start/Quard-Star/os/lib/getchar.o
                                        0x115 (松开之前的大小)
 .debug_str     0x00000000000008fd      0x135 /home/zz/quard-start/Quard-Star/os/lib/load.o
                                        0x3e5 (松开之前的大小)
 .debug_str     0x0000000000000a32       0x87 /home/zz/quard-start/Quard-Star/os/lib/printf.o
                                        0x1af (松开之前的大小)
 .debug_str     0x0000000000000ab9       0x30 /home/zz/quard-start/Quard-Star/os/lib/printk.o
                                        0x1af (松开之前的大小)
 .debug_str     0x0000000000000ae9       0xb2 /home/zz/quard-start/Quard-Star/os/lib/sbi.o
                                        0x1d3 (松开之前的大小)
 .debug_str     0x0000000000000b9b        0x8 /home/zz/quard-start/Quard-Star/os/lib/stack.o
                                        0x12b (松开之前的大小)
 .debug_str     0x0000000000000ba3        0xb /home/zz/quard-start/Quard-Star/os/lib/string.o
                                        0x129 (松开之前的大小)
 .debug_str     0x0000000000000bae        0x8 /home/zz/quard-start/Quard-Star/os/lib/syscall.o
                                        0x14c (松开之前的大小)

.debug_frame    0x0000000000000000     0x1400
 .debug_frame   0x0000000000000000       0x38 /home/zz/quard-start/Quard-Star/os/src/main.o
 .debug_frame   0x0000000000000038      0x6d8 /home/zz/quard-start/Quard-Star/os/src/memory.o
 .debug_frame   0x0000000000000710      0x278 /home/zz/quard-start/Quard-Star/os/src/task.o
 .debug_frame   0x0000000000000988      0x1c0 /home/zz/quard-start/Quard-Star/os/src/timer.o
 .debug_frame   0x0000000000000b48      0x220 /home/zz/quard-start/Quard-Star/os/src/trap.o
 .debug_frame   0x0000000000000d68       0x68 /home/zz/quard-start/Quard-Star/os/lib/arrsert.o
 .debug_frame   0x0000000000000dd0       0x40 /home/zz/quard-start/Quard-Star/os/lib/getchar.o
 .debug_frame   0x0000000000000e10       0xe0 /home/zz/quard-start/Quard-Star/os/lib/load.o
 .debug_frame   0x0000000000000ef0       0xd0 /home/zz/quard-start/Quard-Star/os/lib/printf.o
 .debug_frame   0x0000000000000fc0       0xd0 /home/zz/quard-start/Quard-Star/os/lib/printk.o
 .debug_frame   0x0000000000001090       0xd0 /home/zz/quard-start/Quard-Star/os/lib/sbi.o
 .debug_frame   0x0000000000001160      0x130 /home/zz/quard-start/Quard-Star/os/lib/stack.o
 .debug_frame   0x0000000000001290       0xa0 /home/zz/quard-start/Quard-Star/os/lib/string.o
 .debug_frame   0x0000000000001330       0xd0 /home/zz/quard-start/Quard-Star/os/lib/syscall.o

.debug_rnglists
                0x0000000000000000       0x2f
 .debug_rnglists
                0x0000000000000000       0x2f /home/zz/quard-start/Quard-Star/os/src/trap.o
